// Vitest Snapshot v1, https://vitest.dev/guide/snapshot.html

exports[`SearchUser > should match snapshot 1`] = `
{
  "asFragment": [Function],
  "baseElement": <body>
    <div>
      <div
        class="_container_30c746 _container_c961cd"
      >
        <div
          class="_element_30c746 _startContent_30c746"
        >
          <svg
            class="icon icon-search"
            data-testid="icon"
            height="16"
            width="16"
          >
            <use
              xlink:href="/images/icons.svg#search"
            />
          </svg>
        </div>
        <input
          autocomplete="off"
          class="_input_95237c _filled_95237c"
          data-testid="search-user"
          id="search-user"
          name="search-user"
          placeholder="Search by name..."
          value=""
        />
      </div>
    </div>
  </body>,
  "container": <div>
    <div
      class="_container_30c746 _container_c961cd"
    >
      <div
        class="_element_30c746 _startContent_30c746"
      >
        <svg
          class="icon icon-search"
          data-testid="icon"
          height="16"
          width="16"
        >
          <use
            xlink:href="/images/icons.svg#search"
          />
        </svg>
      </div>
      <input
        autocomplete="off"
        class="_input_95237c _filled_95237c"
        data-testid="search-user"
        id="search-user"
        name="search-user"
        placeholder="Search by name..."
        value=""
      />
    </div>
  </div>,
  "debug": [Function],
  "findAllByAltText": [Function],
  "findAllByDisplayValue": [Function],
  "findAllByLabelText": [Function],
  "findAllByPlaceholderText": [Function],
  "findAllByRole": [Function],
  "findAllByTestId": [Function],
  "findAllByText": [Function],
  "findAllByTitle": [Function],
  "findByAltText": [Function],
  "findByDisplayValue": [Function],
  "findByLabelText": [Function],
  "findByPlaceholderText": [Function],
  "findByRole": [Function],
  "findByTestId": [Function],
  "findByText": [Function],
  "findByTitle": [Function],
  "getAllByAltText": [Function],
  "getAllByDisplayValue": [Function],
  "getAllByLabelText": [Function],
  "getAllByPlaceholderText": [Function],
  "getAllByRole": [Function],
  "getAllByTestId": [Function],
  "getAllByText": [Function],
  "getAllByTitle": [Function],
  "getByAltText": [Function],
  "getByDisplayValue": [Function],
  "getByLabelText": [Function],
  "getByPlaceholderText": [Function],
  "getByRole": [Function],
  "getByTestId": [Function],
  "getByText": [Function],
  "getByTitle": [Function],
  "queryAllByAltText": [Function],
  "queryAllByDisplayValue": [Function],
  "queryAllByLabelText": [Function],
  "queryAllByPlaceholderText": [Function],
  "queryAllByRole": [Function],
  "queryAllByTestId": [Function],
  "queryAllByText": [Function],
  "queryAllByTitle": [Function],
  "queryByAltText": [Function],
  "queryByDisplayValue": [Function],
  "queryByLabelText": [Function],
  "queryByPlaceholderText": [Function],
  "queryByRole": [Function],
  "queryByTestId": [Function],
  "queryByText": [Function],
  "queryByTitle": [Function],
  "rerender": [Function],
  "unmount": [Function],
}
`;
