// Vitest Snapshot v1, https://vitest.dev/guide/snapshot.html

exports[`Table > should match snapshot 1`] = `
{
  "asFragment": [Function],
  "baseElement": <body>
    <div>
      <table
        class="_table_78892f"
      >
        <thead
          class="_header_5dd620"
        >
          <tr
            class="_row_5dd620"
          >
            <th
              aria-sort="ascending"
              class="_cell_de2dbc _active_de2dbc _isSortable_de2dbc _asc_de2dbc"
              data-testid="table-header-cell"
              style="width: 120px;"
            >
              ID
              <svg
                class="icon icon-chevron _icon_de2dbc"
                data-testid="icon"
                height="14"
                width="14"
              >
                <use
                  xlink:href="/images/icons.svg#chevron"
                />
              </svg>
              <div
                class="_resizer_de2dbc"
                data-testid="table-header-cell-resizer"
              />
            </th>
            <th
              aria-sort="none"
              class="_cell_de2dbc _isSortable_de2dbc"
              data-testid="table-header-cell"
              style="width: 240px;"
            >
              Profile
              <svg
                class="icon icon-chevron _icon_de2dbc"
                data-testid="icon"
                height="14"
                width="14"
              >
                <use
                  xlink:href="/images/icons.svg#chevron"
                />
              </svg>
              <div
                class="_resizer_de2dbc"
                data-testid="table-header-cell-resizer"
              />
            </th>
            <th
              aria-sort="none"
              class="_cell_de2dbc"
              data-testid="table-header-cell"
              style="width: 240px;"
            >
              Email
              <div
                class="_resizer_de2dbc"
                data-testid="table-header-cell-resizer"
              />
            </th>
          </tr>
        </thead>
        <tbody
          class="_body_f9eda9"
          data-testid="table-body"
        >
          <tr
            aria-rowindex="0"
            class="_row_f9eda9"
            data-testid="table-body-row"
          >
            <td
              class="_cell_f9eda9"
              data-testid="table-body-cell-id"
            >
              1
            </td>
            <td
              class="_cell_f9eda9"
              data-testid="table-body-cell-name"
            >
              Test Name testname
            </td>
            <td
              class="_cell_f9eda9"
              data-testid="table-body-cell-email"
            >
              test@test.test
            </td>
          </tr>
        </tbody>
      </table>
    </div>
  </body>,
  "container": <div>
    <table
      class="_table_78892f"
    >
      <thead
        class="_header_5dd620"
      >
        <tr
          class="_row_5dd620"
        >
          <th
            aria-sort="ascending"
            class="_cell_de2dbc _active_de2dbc _isSortable_de2dbc _asc_de2dbc"
            data-testid="table-header-cell"
            style="width: 120px;"
          >
            ID
            <svg
              class="icon icon-chevron _icon_de2dbc"
              data-testid="icon"
              height="14"
              width="14"
            >
              <use
                xlink:href="/images/icons.svg#chevron"
              />
            </svg>
            <div
              class="_resizer_de2dbc"
              data-testid="table-header-cell-resizer"
            />
          </th>
          <th
            aria-sort="none"
            class="_cell_de2dbc _isSortable_de2dbc"
            data-testid="table-header-cell"
            style="width: 240px;"
          >
            Profile
            <svg
              class="icon icon-chevron _icon_de2dbc"
              data-testid="icon"
              height="14"
              width="14"
            >
              <use
                xlink:href="/images/icons.svg#chevron"
              />
            </svg>
            <div
              class="_resizer_de2dbc"
              data-testid="table-header-cell-resizer"
            />
          </th>
          <th
            aria-sort="none"
            class="_cell_de2dbc"
            data-testid="table-header-cell"
            style="width: 240px;"
          >
            Email
            <div
              class="_resizer_de2dbc"
              data-testid="table-header-cell-resizer"
            />
          </th>
        </tr>
      </thead>
      <tbody
        class="_body_f9eda9"
        data-testid="table-body"
      >
        <tr
          aria-rowindex="0"
          class="_row_f9eda9"
          data-testid="table-body-row"
        >
          <td
            class="_cell_f9eda9"
            data-testid="table-body-cell-id"
          >
            1
          </td>
          <td
            class="_cell_f9eda9"
            data-testid="table-body-cell-name"
          >
            Test Name testname
          </td>
          <td
            class="_cell_f9eda9"
            data-testid="table-body-cell-email"
          >
            test@test.test
          </td>
        </tr>
      </tbody>
    </table>
  </div>,
  "debug": [Function],
  "findAllByAltText": [Function],
  "findAllByDisplayValue": [Function],
  "findAllByLabelText": [Function],
  "findAllByPlaceholderText": [Function],
  "findAllByRole": [Function],
  "findAllByTestId": [Function],
  "findAllByText": [Function],
  "findAllByTitle": [Function],
  "findByAltText": [Function],
  "findByDisplayValue": [Function],
  "findByLabelText": [Function],
  "findByPlaceholderText": [Function],
  "findByRole": [Function],
  "findByTestId": [Function],
  "findByText": [Function],
  "findByTitle": [Function],
  "getAllByAltText": [Function],
  "getAllByDisplayValue": [Function],
  "getAllByLabelText": [Function],
  "getAllByPlaceholderText": [Function],
  "getAllByRole": [Function],
  "getAllByTestId": [Function],
  "getAllByText": [Function],
  "getAllByTitle": [Function],
  "getByAltText": [Function],
  "getByDisplayValue": [Function],
  "getByLabelText": [Function],
  "getByPlaceholderText": [Function],
  "getByRole": [Function],
  "getByTestId": [Function],
  "getByText": [Function],
  "getByTitle": [Function],
  "queryAllByAltText": [Function],
  "queryAllByDisplayValue": [Function],
  "queryAllByLabelText": [Function],
  "queryAllByPlaceholderText": [Function],
  "queryAllByRole": [Function],
  "queryAllByTestId": [Function],
  "queryAllByText": [Function],
  "queryAllByTitle": [Function],
  "queryByAltText": [Function],
  "queryByDisplayValue": [Function],
  "queryByLabelText": [Function],
  "queryByPlaceholderText": [Function],
  "queryByRole": [Function],
  "queryByTestId": [Function],
  "queryByText": [Function],
  "queryByTitle": [Function],
  "rerender": [Function],
  "unmount": [Function],
}
`;
