// Vitest Snapshot v1, https://vitest.dev/guide/snapshot.html

exports[`AddUser > should match snapshot 1`] = `
{
  "asFragment": [Function],
  "baseElement": <body>
    <div>
      <div
        class="_container_fcd5d4"
      >
        <button
          class="_button_0302f3 _button_fcd5d4 _primary_0302f3 _sm_0302f3"
          data-testid="drawer-add-user"
        >
          <svg
            class="icon icon-plus"
            data-testid="icon"
            height="10"
            width="10"
          >
            <use
              xlink:href="/images/icons.svg#plus"
            />
          </svg>
          Add user
        </button>
      </div>
    </div>
  </body>,
  "container": <div>
    <div
      class="_container_fcd5d4"
    >
      <button
        class="_button_0302f3 _button_fcd5d4 _primary_0302f3 _sm_0302f3"
        data-testid="drawer-add-user"
      >
        <svg
          class="icon icon-plus"
          data-testid="icon"
          height="10"
          width="10"
        >
          <use
            xlink:href="/images/icons.svg#plus"
          />
        </svg>
        Add user
      </button>
    </div>
  </div>,
  "debug": [Function],
  "findAllByAltText": [Function],
  "findAllByDisplayValue": [Function],
  "findAllByLabelText": [Function],
  "findAllByPlaceholderText": [Function],
  "findAllByRole": [Function],
  "findAllByTestId": [Function],
  "findAllByText": [Function],
  "findAllByTitle": [Function],
  "findByAltText": [Function],
  "findByDisplayValue": [Function],
  "findByLabelText": [Function],
  "findByPlaceholderText": [Function],
  "findByRole": [Function],
  "findByTestId": [Function],
  "findByText": [Function],
  "findByTitle": [Function],
  "getAllByAltText": [Function],
  "getAllByDisplayValue": [Function],
  "getAllByLabelText": [Function],
  "getAllByPlaceholderText": [Function],
  "getAllByRole": [Function],
  "getAllByTestId": [Function],
  "getAllByText": [Function],
  "getAllByTitle": [Function],
  "getByAltText": [Function],
  "getByDisplayValue": [Function],
  "getByLabelText": [Function],
  "getByPlaceholderText": [Function],
  "getByRole": [Function],
  "getByTestId": [Function],
  "getByText": [Function],
  "getByTitle": [Function],
  "queryAllByAltText": [Function],
  "queryAllByDisplayValue": [Function],
  "queryAllByLabelText": [Function],
  "queryAllByPlaceholderText": [Function],
  "queryAllByRole": [Function],
  "queryAllByTestId": [Function],
  "queryAllByText": [Function],
  "queryAllByTitle": [Function],
  "queryByAltText": [Function],
  "queryByDisplayValue": [Function],
  "queryByLabelText": [Function],
  "queryByPlaceholderText": [Function],
  "queryByRole": [Function],
  "queryByTestId": [Function],
  "queryByText": [Function],
  "queryByTitle": [Function],
  "rerender": [Function],
  "unmount": [Function],
}
`;
