// Vitest Snapshot v1, https://vitest.dev/guide/snapshot.html

exports[`UserOverview > should match snapshot 1`] = `
{
  "asFragment": [Function],
  "baseElement": <body>
    <div>
      <div
        class="_backdrop_626b11 _right_626b11 _filled_626b11"
        data-testid="drawer-backdrop"
      />
      <div
        class="_container_626b11 _right_626b11 _container_d9432a"
        data-testid="drawer"
      >
        <div
          class="_header_626b11"
        >
          <div
            class="_information_626b11"
          >
            <h3
              class="_title_626b11"
            >
              Overview
            </h3>
            <p
              class="_description_626b11"
            />
          </div>
          <button
            class="_button_0302f3 _tertiary_0302f3 _xs_0302f3 _icon_0302f3"
            data-testid="drawer-close"
          >
            <svg
              class="icon icon-close"
              data-testid="icon"
              height="16"
              width="16"
            >
              <use
                xlink:href="/images/icons.svg#close"
              />
            </svg>
          </button>
        </div>
        <div
          class="_body_626b11"
        >
          <div
            class="_content_626b11"
          >
            <form
              class="_container_45f202"
              data-testid="update-user-form"
            >
              <div
                class="_container_77a9ed _secondary_77a9ed _left_77a9ed"
              >
                <label
                  class="_label_77a9ed"
                  for="name"
                >
                  Name
                </label>
                <div
                  class="_content_77a9ed"
                >
                  <input
                    autocomplete="off"
                    class="_input_95237c _unfilled_95237c"
                    data-testid="input-field"
                    id="name"
                    name="name"
                    value="Test Name"
                  />
                </div>
              </div>
              <div
                class="_container_77a9ed _secondary_77a9ed _left_77a9ed"
              >
                <label
                  class="_label_77a9ed"
                  for="username"
                >
                  Username
                </label>
                <div
                  class="_content_77a9ed"
                >
                  <input
                    autocomplete="off"
                    class="_input_95237c _unfilled_95237c"
                    data-testid="input-field"
                    id="username"
                    name="username"
                    value="testname"
                  />
                </div>
              </div>
              <div
                class="_container_77a9ed _secondary_77a9ed _left_77a9ed"
              >
                <label
                  class="_label_77a9ed"
                  for="email"
                >
                  Email
                </label>
                <div
                  class="_content_77a9ed"
                >
                  <input
                    autocomplete="off"
                    class="_input_95237c _unfilled_95237c"
                    data-testid="input-field"
                    id="email"
                    name="email"
                    value="test@test.test"
                  />
                </div>
              </div>
              <div
                class="_container_77a9ed _secondary_77a9ed _left_77a9ed"
              >
                <label
                  class="_label_77a9ed"
                  for="phone"
                >
                  Phone
                </label>
                <div
                  class="_content_77a9ed"
                >
                  <input
                    autocomplete="off"
                    class="_input_95237c _unfilled_95237c"
                    data-testid="input-field"
                    id="phone"
                    name="phone"
                    type="tel"
                    value="+7 (123) 456-78-90"
                  />
                </div>
              </div>
              <div
                class="_container_77a9ed _secondary_77a9ed _left_77a9ed"
              >
                <label
                  class="_label_77a9ed"
                  for="city"
                >
                  City
                </label>
                <div
                  class="_content_77a9ed"
                >
                  <input
                    autocomplete="off"
                    class="_input_95237c _unfilled_95237c"
                    data-testid="input-field"
                    id="city"
                    name="city"
                    value="Moscow"
                  />
                </div>
              </div>
              <div
                class="_container_77a9ed _secondary_77a9ed _left_77a9ed"
              >
                <label
                  class="_label_77a9ed"
                  for="address"
                >
                  Address
                </label>
                <div
                  class="_content_77a9ed"
                >
                  <input
                    autocomplete="off"
                    class="_input_95237c _unfilled_95237c"
                    data-testid="input-field"
                    id="address"
                    name="address"
                    value="Test Address"
                  />
                </div>
              </div>
              <div
                class="_actions_45f202"
              >
                <button
                  class="_button_0302f3 _danger_0302f3 _sm_0302f3"
                  data-testid="delete-user"
                  type="button"
                >
                  Delete
                </button>
                <button
                  class="_button_0302f3 _primary_0302f3 _sm_0302f3"
                  data-testid="update-user"
                  type="submit"
                >
                  Update
                </button>
              </div>
            </form>
          </div>
        </div>
      </div>
    </div>
    <div
      class="_container_f24d02 _bottom-center_f24d02"
      data-testid="toast-container"
    />
  </body>,
  "container": <div>
    <div
      class="_backdrop_626b11 _right_626b11 _filled_626b11"
      data-testid="drawer-backdrop"
    />
    <div
      class="_container_626b11 _right_626b11 _container_d9432a"
      data-testid="drawer"
    >
      <div
        class="_header_626b11"
      >
        <div
          class="_information_626b11"
        >
          <h3
            class="_title_626b11"
          >
            Overview
          </h3>
          <p
            class="_description_626b11"
          />
        </div>
        <button
          class="_button_0302f3 _tertiary_0302f3 _xs_0302f3 _icon_0302f3"
          data-testid="drawer-close"
        >
          <svg
            class="icon icon-close"
            data-testid="icon"
            height="16"
            width="16"
          >
            <use
              xlink:href="/images/icons.svg#close"
            />
          </svg>
        </button>
      </div>
      <div
        class="_body_626b11"
      >
        <div
          class="_content_626b11"
        >
          <form
            class="_container_45f202"
            data-testid="update-user-form"
          >
            <div
              class="_container_77a9ed _secondary_77a9ed _left_77a9ed"
            >
              <label
                class="_label_77a9ed"
                for="name"
              >
                Name
              </label>
              <div
                class="_content_77a9ed"
              >
                <input
                  autocomplete="off"
                  class="_input_95237c _unfilled_95237c"
                  data-testid="input-field"
                  id="name"
                  name="name"
                  value="Test Name"
                />
              </div>
            </div>
            <div
              class="_container_77a9ed _secondary_77a9ed _left_77a9ed"
            >
              <label
                class="_label_77a9ed"
                for="username"
              >
                Username
              </label>
              <div
                class="_content_77a9ed"
              >
                <input
                  autocomplete="off"
                  class="_input_95237c _unfilled_95237c"
                  data-testid="input-field"
                  id="username"
                  name="username"
                  value="testname"
                />
              </div>
            </div>
            <div
              class="_container_77a9ed _secondary_77a9ed _left_77a9ed"
            >
              <label
                class="_label_77a9ed"
                for="email"
              >
                Email
              </label>
              <div
                class="_content_77a9ed"
              >
                <input
                  autocomplete="off"
                  class="_input_95237c _unfilled_95237c"
                  data-testid="input-field"
                  id="email"
                  name="email"
                  value="test@test.test"
                />
              </div>
            </div>
            <div
              class="_container_77a9ed _secondary_77a9ed _left_77a9ed"
            >
              <label
                class="_label_77a9ed"
                for="phone"
              >
                Phone
              </label>
              <div
                class="_content_77a9ed"
              >
                <input
                  autocomplete="off"
                  class="_input_95237c _unfilled_95237c"
                  data-testid="input-field"
                  id="phone"
                  name="phone"
                  type="tel"
                  value="+7 (123) 456-78-90"
                />
              </div>
            </div>
            <div
              class="_container_77a9ed _secondary_77a9ed _left_77a9ed"
            >
              <label
                class="_label_77a9ed"
                for="city"
              >
                City
              </label>
              <div
                class="_content_77a9ed"
              >
                <input
                  autocomplete="off"
                  class="_input_95237c _unfilled_95237c"
                  data-testid="input-field"
                  id="city"
                  name="city"
                  value="Moscow"
                />
              </div>
            </div>
            <div
              class="_container_77a9ed _secondary_77a9ed _left_77a9ed"
            >
              <label
                class="_label_77a9ed"
                for="address"
              >
                Address
              </label>
              <div
                class="_content_77a9ed"
              >
                <input
                  autocomplete="off"
                  class="_input_95237c _unfilled_95237c"
                  data-testid="input-field"
                  id="address"
                  name="address"
                  value="Test Address"
                />
              </div>
            </div>
            <div
              class="_actions_45f202"
            >
              <button
                class="_button_0302f3 _danger_0302f3 _sm_0302f3"
                data-testid="delete-user"
                type="button"
              >
                Delete
              </button>
              <button
                class="_button_0302f3 _primary_0302f3 _sm_0302f3"
                data-testid="update-user"
                type="submit"
              >
                Update
              </button>
            </div>
          </form>
        </div>
      </div>
    </div>
  </div>,
  "debug": [Function],
  "findAllByAltText": [Function],
  "findAllByDisplayValue": [Function],
  "findAllByLabelText": [Function],
  "findAllByPlaceholderText": [Function],
  "findAllByRole": [Function],
  "findAllByTestId": [Function],
  "findAllByText": [Function],
  "findAllByTitle": [Function],
  "findByAltText": [Function],
  "findByDisplayValue": [Function],
  "findByLabelText": [Function],
  "findByPlaceholderText": [Function],
  "findByRole": [Function],
  "findByTestId": [Function],
  "findByText": [Function],
  "findByTitle": [Function],
  "getAllByAltText": [Function],
  "getAllByDisplayValue": [Function],
  "getAllByLabelText": [Function],
  "getAllByPlaceholderText": [Function],
  "getAllByRole": [Function],
  "getAllByTestId": [Function],
  "getAllByText": [Function],
  "getAllByTitle": [Function],
  "getByAltText": [Function],
  "getByDisplayValue": [Function],
  "getByLabelText": [Function],
  "getByPlaceholderText": [Function],
  "getByRole": [Function],
  "getByTestId": [Function],
  "getByText": [Function],
  "getByTitle": [Function],
  "queryAllByAltText": [Function],
  "queryAllByDisplayValue": [Function],
  "queryAllByLabelText": [Function],
  "queryAllByPlaceholderText": [Function],
  "queryAllByRole": [Function],
  "queryAllByTestId": [Function],
  "queryAllByText": [Function],
  "queryAllByTitle": [Function],
  "queryByAltText": [Function],
  "queryByDisplayValue": [Function],
  "queryByLabelText": [Function],
  "queryByPlaceholderText": [Function],
  "queryByRole": [Function],
  "queryByTestId": [Function],
  "queryByText": [Function],
  "queryByTitle": [Function],
  "rerender": [Function],
  "unmount": [Function],
}
`;
