// Vitest Snapshot v1, https://vitest.dev/guide/snapshot.html

exports[`TableHeaderCell > should match snapshot 1`] = `
{
  "asFragment": [Function],
  "baseElement": <body>
    <div>
      <table>
        <thead>
          <tr>
            <th
              aria-sort="none"
              class="_cell_de2dbc _isSortable_de2dbc"
              data-testid="table-header-cell"
              style="width: 100px;"
            >
              Test
              <svg
                class="icon icon-chevron _icon_de2dbc"
                data-testid="icon"
                height="14"
                width="14"
              >
                <use
                  xlink:href="/images/icons.svg#chevron"
                />
              </svg>
              <div
                class="_resizer_de2dbc"
                data-testid="table-header-cell-resizer"
              />
            </th>
          </tr>
        </thead>
      </table>
    </div>
  </body>,
  "container": <div>
    <table>
      <thead>
        <tr>
          <th
            aria-sort="none"
            class="_cell_de2dbc _isSortable_de2dbc"
            data-testid="table-header-cell"
            style="width: 100px;"
          >
            Test
            <svg
              class="icon icon-chevron _icon_de2dbc"
              data-testid="icon"
              height="14"
              width="14"
            >
              <use
                xlink:href="/images/icons.svg#chevron"
              />
            </svg>
            <div
              class="_resizer_de2dbc"
              data-testid="table-header-cell-resizer"
            />
          </th>
        </tr>
      </thead>
    </table>
  </div>,
  "debug": [Function],
  "findAllByAltText": [Function],
  "findAllByDisplayValue": [Function],
  "findAllByLabelText": [Function],
  "findAllByPlaceholderText": [Function],
  "findAllByRole": [Function],
  "findAllByTestId": [Function],
  "findAllByText": [Function],
  "findAllByTitle": [Function],
  "findByAltText": [Function],
  "findByDisplayValue": [Function],
  "findByLabelText": [Function],
  "findByPlaceholderText": [Function],
  "findByRole": [Function],
  "findByTestId": [Function],
  "findByText": [Function],
  "findByTitle": [Function],
  "getAllByAltText": [Function],
  "getAllByDisplayValue": [Function],
  "getAllByLabelText": [Function],
  "getAllByPlaceholderText": [Function],
  "getAllByRole": [Function],
  "getAllByTestId": [Function],
  "getAllByText": [Function],
  "getAllByTitle": [Function],
  "getByAltText": [Function],
  "getByDisplayValue": [Function],
  "getByLabelText": [Function],
  "getByPlaceholderText": [Function],
  "getByRole": [Function],
  "getByTestId": [Function],
  "getByText": [Function],
  "getByTitle": [Function],
  "queryAllByAltText": [Function],
  "queryAllByDisplayValue": [Function],
  "queryAllByLabelText": [Function],
  "queryAllByPlaceholderText": [Function],
  "queryAllByRole": [Function],
  "queryAllByTestId": [Function],
  "queryAllByText": [Function],
  "queryAllByTitle": [Function],
  "queryByAltText": [Function],
  "queryByDisplayValue": [Function],
  "queryByLabelText": [Function],
  "queryByPlaceholderText": [Function],
  "queryByRole": [Function],
  "queryByTestId": [Function],
  "queryByText": [Function],
  "queryByTitle": [Function],
  "rerender": [Function],
  "unmount": [Function],
}
`;
