// Vitest Snapshot v1, https://vitest.dev/guide/snapshot.html

exports[`AddForm > should match snapshot 1`] = `
{
  "asFragment": [Function],
  "baseElement": <body>
    <div>
      <div
        class="_container_990c92"
      >
        <form
          class="_form_990c92"
        >
          <div
            class="_container_77a9ed _primary_77a9ed _top_77a9ed"
          >
            <label
              class="_label_77a9ed"
              for="name"
            >
              Name
            </label>
            <div
              class="_content_77a9ed"
            >
              <input
                autocomplete="off"
                class="_input_95237c _filled_95237c"
                data-testid="input-field"
                id="name"
                name="name"
                value=""
              />
            </div>
          </div>
          <div
            class="_container_77a9ed _primary_77a9ed _top_77a9ed"
          >
            <label
              class="_label_77a9ed"
              for="username"
            >
              Username
            </label>
            <div
              class="_content_77a9ed"
            >
              <input
                autocomplete="off"
                class="_input_95237c _filled_95237c"
                data-testid="input-field"
                id="username"
                name="username"
                value=""
              />
            </div>
          </div>
          <div
            class="_container_77a9ed _primary_77a9ed _top_77a9ed"
          >
            <label
              class="_label_77a9ed"
              for="email"
            >
              Email
            </label>
            <div
              class="_content_77a9ed"
            >
              <input
                autocomplete="off"
                class="_input_95237c _filled_95237c"
                data-testid="input-field"
                id="email"
                name="email"
                value=""
              />
            </div>
          </div>
          <div
            class="_container_77a9ed _primary_77a9ed _top_77a9ed"
          >
            <label
              class="_label_77a9ed"
              for="phone"
            >
              Phone
            </label>
            <div
              class="_content_77a9ed"
            >
              <input
                autocomplete="off"
                class="_input_95237c _filled_95237c"
                data-testid="input-field"
                id="phone"
                name="phone"
                type="tel"
                value=""
              />
            </div>
          </div>
          <div
            class="_container_77a9ed _primary_77a9ed _top_77a9ed"
          >
            <label
              class="_label_77a9ed"
              for="city"
            >
              City
            </label>
            <div
              class="_content_77a9ed"
            >
              <input
                autocomplete="off"
                class="_input_95237c _filled_95237c"
                data-testid="input-field"
                id="city"
                name="city"
                value=""
              />
            </div>
          </div>
          <div
            class="_container_77a9ed _primary_77a9ed _top_77a9ed"
          >
            <label
              class="_label_77a9ed"
              for="address"
            >
              Address
            </label>
            <div
              class="_content_77a9ed"
            >
              <input
                autocomplete="off"
                class="_input_95237c _filled_95237c"
                data-testid="input-field"
                id="address"
                name="address"
                value=""
              />
            </div>
          </div>
          <div
            class="_actions_990c92"
          >
            <button
              class="_button_0302f3 _secondary_0302f3 _sm_0302f3"
              data-testid="cancel-add-user"
              type="button"
            >
              Cancel
            </button>
            <button
              class="_button_0302f3 _primary_0302f3 _sm_0302f3"
              data-testid="add-user"
              type="submit"
            >
              Add
            </button>
          </div>
        </form>
      </div>
    </div>
  </body>,
  "container": <div>
    <div
      class="_container_990c92"
    >
      <form
        class="_form_990c92"
      >
        <div
          class="_container_77a9ed _primary_77a9ed _top_77a9ed"
        >
          <label
            class="_label_77a9ed"
            for="name"
          >
            Name
          </label>
          <div
            class="_content_77a9ed"
          >
            <input
              autocomplete="off"
              class="_input_95237c _filled_95237c"
              data-testid="input-field"
              id="name"
              name="name"
              value=""
            />
          </div>
        </div>
        <div
          class="_container_77a9ed _primary_77a9ed _top_77a9ed"
        >
          <label
            class="_label_77a9ed"
            for="username"
          >
            Username
          </label>
          <div
            class="_content_77a9ed"
          >
            <input
              autocomplete="off"
              class="_input_95237c _filled_95237c"
              data-testid="input-field"
              id="username"
              name="username"
              value=""
            />
          </div>
        </div>
        <div
          class="_container_77a9ed _primary_77a9ed _top_77a9ed"
        >
          <label
            class="_label_77a9ed"
            for="email"
          >
            Email
          </label>
          <div
            class="_content_77a9ed"
          >
            <input
              autocomplete="off"
              class="_input_95237c _filled_95237c"
              data-testid="input-field"
              id="email"
              name="email"
              value=""
            />
          </div>
        </div>
        <div
          class="_container_77a9ed _primary_77a9ed _top_77a9ed"
        >
          <label
            class="_label_77a9ed"
            for="phone"
          >
            Phone
          </label>
          <div
            class="_content_77a9ed"
          >
            <input
              autocomplete="off"
              class="_input_95237c _filled_95237c"
              data-testid="input-field"
              id="phone"
              name="phone"
              type="tel"
              value=""
            />
          </div>
        </div>
        <div
          class="_container_77a9ed _primary_77a9ed _top_77a9ed"
        >
          <label
            class="_label_77a9ed"
            for="city"
          >
            City
          </label>
          <div
            class="_content_77a9ed"
          >
            <input
              autocomplete="off"
              class="_input_95237c _filled_95237c"
              data-testid="input-field"
              id="city"
              name="city"
              value=""
            />
          </div>
        </div>
        <div
          class="_container_77a9ed _primary_77a9ed _top_77a9ed"
        >
          <label
            class="_label_77a9ed"
            for="address"
          >
            Address
          </label>
          <div
            class="_content_77a9ed"
          >
            <input
              autocomplete="off"
              class="_input_95237c _filled_95237c"
              data-testid="input-field"
              id="address"
              name="address"
              value=""
            />
          </div>
        </div>
        <div
          class="_actions_990c92"
        >
          <button
            class="_button_0302f3 _secondary_0302f3 _sm_0302f3"
            data-testid="cancel-add-user"
            type="button"
          >
            Cancel
          </button>
          <button
            class="_button_0302f3 _primary_0302f3 _sm_0302f3"
            data-testid="add-user"
            type="submit"
          >
            Add
          </button>
        </div>
      </form>
    </div>
  </div>,
  "debug": [Function],
  "findAllByAltText": [Function],
  "findAllByDisplayValue": [Function],
  "findAllByLabelText": [Function],
  "findAllByPlaceholderText": [Function],
  "findAllByRole": [Function],
  "findAllByTestId": [Function],
  "findAllByText": [Function],
  "findAllByTitle": [Function],
  "findByAltText": [Function],
  "findByDisplayValue": [Function],
  "findByLabelText": [Function],
  "findByPlaceholderText": [Function],
  "findByRole": [Function],
  "findByTestId": [Function],
  "findByText": [Function],
  "findByTitle": [Function],
  "getAllByAltText": [Function],
  "getAllByDisplayValue": [Function],
  "getAllByLabelText": [Function],
  "getAllByPlaceholderText": [Function],
  "getAllByRole": [Function],
  "getAllByTestId": [Function],
  "getAllByText": [Function],
  "getAllByTitle": [Function],
  "getByAltText": [Function],
  "getByDisplayValue": [Function],
  "getByLabelText": [Function],
  "getByPlaceholderText": [Function],
  "getByRole": [Function],
  "getByTestId": [Function],
  "getByText": [Function],
  "getByTitle": [Function],
  "queryAllByAltText": [Function],
  "queryAllByDisplayValue": [Function],
  "queryAllByLabelText": [Function],
  "queryAllByPlaceholderText": [Function],
  "queryAllByRole": [Function],
  "queryAllByTestId": [Function],
  "queryAllByText": [Function],
  "queryAllByTitle": [Function],
  "queryByAltText": [Function],
  "queryByDisplayValue": [Function],
  "queryByLabelText": [Function],
  "queryByPlaceholderText": [Function],
  "queryByRole": [Function],
  "queryByTestId": [Function],
  "queryByText": [Function],
  "queryByTitle": [Function],
  "rerender": [Function],
  "unmount": [Function],
}
`;
