// Vitest Snapshot v1, https://vitest.dev/guide/snapshot.html

exports[`Pagination > should match snapshot 1`] = `
{
  "asFragment": [Function],
  "baseElement": <body>
    <div>
      <div
        class="_container_900fc1"
        data-testid="pagination"
      >
        <button
          class="_button_0302f3 _page_900fc1 _prev_900fc1 _secondary_0302f3 _sm_0302f3 _icon_0302f3"
          data-testid="pagination-prev"
        >
          <svg
            class="icon icon-chevron"
            data-testid="icon"
            height="16"
            width="16"
          >
            <use
              xlink:href="/images/icons.svg#chevron"
            />
          </svg>
        </button>
        <button
          class="_button_0302f3 _page_900fc1 _secondary_0302f3 _sm_0302f3 _icon_0302f3"
          data-testid="pagination-prev-dot"
        >
          ...
        </button>
        <button
          class="_button_0302f3 _page_900fc1 _secondary_0302f3 _sm_0302f3 _icon_0302f3"
        >
          4
        </button>
        <button
          class="_button_0302f3 _page_900fc1 _secondary_0302f3 _sm_0302f3 _icon_0302f3"
        >
          5
        </button>
        <button
          class="_button_0302f3 _page_900fc1 _primary_0302f3 _sm_0302f3 _icon_0302f3"
        >
          6
        </button>
        <button
          class="_button_0302f3 _page_900fc1 _secondary_0302f3 _sm_0302f3 _icon_0302f3"
        >
          7
        </button>
        <button
          class="_button_0302f3 _page_900fc1 _secondary_0302f3 _sm_0302f3 _icon_0302f3"
        >
          8
        </button>
        <button
          class="_button_0302f3 _page_900fc1 _secondary_0302f3 _sm_0302f3 _icon_0302f3"
          data-testid="pagination-next-dot"
        >
          ...
        </button>
        <button
          class="_button_0302f3 _page_900fc1 _next_900fc1 _secondary_0302f3 _sm_0302f3 _icon_0302f3"
          data-testid="pagination-next"
        >
          <svg
            class="icon icon-chevron"
            data-testid="icon"
            height="16"
            width="16"
          >
            <use
              xlink:href="/images/icons.svg#chevron"
            />
          </svg>
        </button>
      </div>
    </div>
  </body>,
  "container": <div>
    <div
      class="_container_900fc1"
      data-testid="pagination"
    >
      <button
        class="_button_0302f3 _page_900fc1 _prev_900fc1 _secondary_0302f3 _sm_0302f3 _icon_0302f3"
        data-testid="pagination-prev"
      >
        <svg
          class="icon icon-chevron"
          data-testid="icon"
          height="16"
          width="16"
        >
          <use
            xlink:href="/images/icons.svg#chevron"
          />
        </svg>
      </button>
      <button
        class="_button_0302f3 _page_900fc1 _secondary_0302f3 _sm_0302f3 _icon_0302f3"
        data-testid="pagination-prev-dot"
      >
        ...
      </button>
      <button
        class="_button_0302f3 _page_900fc1 _secondary_0302f3 _sm_0302f3 _icon_0302f3"
      >
        4
      </button>
      <button
        class="_button_0302f3 _page_900fc1 _secondary_0302f3 _sm_0302f3 _icon_0302f3"
      >
        5
      </button>
      <button
        class="_button_0302f3 _page_900fc1 _primary_0302f3 _sm_0302f3 _icon_0302f3"
      >
        6
      </button>
      <button
        class="_button_0302f3 _page_900fc1 _secondary_0302f3 _sm_0302f3 _icon_0302f3"
      >
        7
      </button>
      <button
        class="_button_0302f3 _page_900fc1 _secondary_0302f3 _sm_0302f3 _icon_0302f3"
      >
        8
      </button>
      <button
        class="_button_0302f3 _page_900fc1 _secondary_0302f3 _sm_0302f3 _icon_0302f3"
        data-testid="pagination-next-dot"
      >
        ...
      </button>
      <button
        class="_button_0302f3 _page_900fc1 _next_900fc1 _secondary_0302f3 _sm_0302f3 _icon_0302f3"
        data-testid="pagination-next"
      >
        <svg
          class="icon icon-chevron"
          data-testid="icon"
          height="16"
          width="16"
        >
          <use
            xlink:href="/images/icons.svg#chevron"
          />
        </svg>
      </button>
    </div>
  </div>,
  "debug": [Function],
  "findAllByAltText": [Function],
  "findAllByDisplayValue": [Function],
  "findAllByLabelText": [Function],
  "findAllByPlaceholderText": [Function],
  "findAllByRole": [Function],
  "findAllByTestId": [Function],
  "findAllByText": [Function],
  "findAllByTitle": [Function],
  "findByAltText": [Function],
  "findByDisplayValue": [Function],
  "findByLabelText": [Function],
  "findByPlaceholderText": [Function],
  "findByRole": [Function],
  "findByTestId": [Function],
  "findByText": [Function],
  "findByTitle": [Function],
  "getAllByAltText": [Function],
  "getAllByDisplayValue": [Function],
  "getAllByLabelText": [Function],
  "getAllByPlaceholderText": [Function],
  "getAllByRole": [Function],
  "getAllByTestId": [Function],
  "getAllByText": [Function],
  "getAllByTitle": [Function],
  "getByAltText": [Function],
  "getByDisplayValue": [Function],
  "getByLabelText": [Function],
  "getByPlaceholderText": [Function],
  "getByRole": [Function],
  "getByTestId": [Function],
  "getByText": [Function],
  "getByTitle": [Function],
  "queryAllByAltText": [Function],
  "queryAllByDisplayValue": [Function],
  "queryAllByLabelText": [Function],
  "queryAllByPlaceholderText": [Function],
  "queryAllByRole": [Function],
  "queryAllByTestId": [Function],
  "queryAllByText": [Function],
  "queryAllByTitle": [Function],
  "queryByAltText": [Function],
  "queryByDisplayValue": [Function],
  "queryByLabelText": [Function],
  "queryByPlaceholderText": [Function],
  "queryByRole": [Function],
  "queryByTestId": [Function],
  "queryByText": [Function],
  "queryByTitle": [Function],
  "rerender": [Function],
  "unmount": [Function],
}
`;
